// Jest Snapshot v1, https://goo.gl/fbAQLP

exports[`should render an individual dog 1`] = `
<div>
  <div>
    <div
      class="dog-card"
    >
      <h1>
        Pup
      </h1>
      <img
        src="https://placedog.net/500?id=30"
      />
      <p>
        Pup
         is a(n) 
        3
         year old 
      </p>
      <p />
      <button>
        <a
          href="/dogs/9/edit"
        >
          Edit
        </a>
      </button>
      <button>
        Delete
      </button>
    </div>
    <div>
      <a
        href="/"
      >
        Home
      </a>
    </div>
  </div>
</div>
`;
