// Jest Snapshot v1, https://goo.gl/fbAQLP

exports[`should render an individual dog 1`] = `
<div>
  <div>
    <div
      class="dog-card"
    >
      <h1>
        Mookie
      </h1>
      <img
        src="https://placedog.net/500?id=200
"
      />
      <p>
        Mookie
         is a(n) 
        1
         year old 
        Goldendoodle
      </p>
      <p>
        Mellow and full of energy at the same time. Hypoallergenic.
      </p>
      <button>
        <a
          href="/dogs/6/edit"
        >
          Edit
        </a>
      </button>
      <button>
        Delete
      </button>
    </div>
    <div>
      <a
        href="/"
      >
        Home
      </a>
    </div>
  </div>
</div>
`;
